mode: set
github.com/lingmirror/backend-go/internal/platform/command/action.go:26.39,27.11 1 1
github.com/lingmirror/backend-go/internal/platform/command/action.go:28.23,29.21 1 1
github.com/lingmirror/backend-go/internal/platform/command/action.go:30.29,31.28 1 1
github.com/lingmirror/backend-go/internal/platform/command/action.go:32.22,33.20 1 1
github.com/lingmirror/backend-go/internal/platform/command/action.go:34.22,35.20 1 1
github.com/lingmirror/backend-go/internal/platform/command/action.go:36.23,37.21 1 1
github.com/lingmirror/backend-go/internal/platform/command/action.go:38.23,39.21 1 1
github.com/lingmirror/backend-go/internal/platform/command/action.go:40.20,41.18 1 1
github.com/lingmirror/backend-go/internal/platform/command/action.go:42.21,43.19 1 1
github.com/lingmirror/backend-go/internal/platform/command/action.go:44.10,45.38 1 0
github.com/lingmirror/backend-go/internal/platform/command/action.go:63.36,64.11 1 1
github.com/lingmirror/backend-go/internal/platform/command/action.go:65.16,66.16 1 0
github.com/lingmirror/backend-go/internal/platform/command/action.go:67.15,68.15 1 0
github.com/lingmirror/backend-go/internal/platform/command/action.go:69.18,70.18 1 0
github.com/lingmirror/backend-go/internal/platform/command/action.go:71.16,72.16 1 1
github.com/lingmirror/backend-go/internal/platform/command/action.go:73.10,74.39 1 0
github.com/lingmirror/backend-go/internal/platform/command/action.go:80.41,81.11 1 1
github.com/lingmirror/backend-go/internal/platform/command/action.go:82.14,83.18 1 1
github.com/lingmirror/backend-go/internal/platform/command/action.go:84.13,85.17 1 1
github.com/lingmirror/backend-go/internal/platform/command/action.go:86.16,87.20 1 1
github.com/lingmirror/backend-go/internal/platform/command/action.go:88.26,89.18 1 1
github.com/lingmirror/backend-go/internal/platform/command/action.go:90.10,91.17 1 1
github.com/lingmirror/backend-go/internal/platform/command/action.go:108.37,109.11 1 1
github.com/lingmirror/backend-go/internal/platform/command/action.go:110.18,111.19 1 0
github.com/lingmirror/backend-go/internal/platform/command/action.go:112.19,113.19 1 0
github.com/lingmirror/backend-go/internal/platform/command/action.go:114.22,115.22 1 1
github.com/lingmirror/backend-go/internal/platform/command/action.go:116.10,117.36 1 0
github.com/lingmirror/backend-go/internal/platform/command/action.go:153.39,154.24 1 1
github.com/lingmirror/backend-go/internal/platform/command/action.go:154.24,156.3 1 1
github.com/lingmirror/backend-go/internal/platform/command/action.go:157.2,157.21 1 1
github.com/lingmirror/backend-go/internal/platform/command/action.go:157.21,159.3 1 1
github.com/lingmirror/backend-go/internal/platform/command/action.go:160.2,160.19 1 1
github.com/lingmirror/backend-go/internal/platform/command/action.go:160.19,162.3 1 1
github.com/lingmirror/backend-go/internal/platform/command/action.go:163.2,163.79 1 1
github.com/lingmirror/backend-go/internal/platform/command/action.go:163.79,165.3 1 1
github.com/lingmirror/backend-go/internal/platform/command/action.go:166.2,166.53 1 1
github.com/lingmirror/backend-go/internal/platform/command/action.go:166.53,168.3 1 1
github.com/lingmirror/backend-go/internal/platform/command/action.go:171.2,171.52 1 1
github.com/lingmirror/backend-go/internal/platform/command/action.go:171.52,173.3 1 1
github.com/lingmirror/backend-go/internal/platform/command/action.go:176.2,176.80 1 1
github.com/lingmirror/backend-go/internal/platform/command/action.go:176.80,178.3 1 1
github.com/lingmirror/backend-go/internal/platform/command/action.go:181.2,181.49 1 1
github.com/lingmirror/backend-go/internal/platform/command/action.go:181.49,183.3 1 1
github.com/lingmirror/backend-go/internal/platform/command/action.go:185.2,185.12 1 1
github.com/lingmirror/backend-go/internal/platform/command/action.go:190.33,202.2 1 1
github.com/lingmirror/backend-go/internal/platform/command/action.go:205.60,219.2 1 1
github.com/lingmirror/backend-go/internal/platform/command/command.go:47.63,48.29 1 1
github.com/lingmirror/backend-go/internal/platform/command/command.go:48.29,50.3 1 1
github.com/lingmirror/backend-go/internal/platform/command/command.go:55.59,56.29 1 1
github.com/lingmirror/backend-go/internal/platform/command/command.go:56.29,58.3 1 1
github.com/lingmirror/backend-go/internal/platform/command/command.go:62.78,67.27 2 1
github.com/lingmirror/backend-go/internal/platform/command/command.go:67.27,69.3 1 1
github.com/lingmirror/backend-go/internal/platform/command/command.go:70.2,70.10 1 1
github.com/lingmirror/backend-go/internal/platform/command/command.go:75.67,81.2 4 1
github.com/lingmirror/backend-go/internal/platform/command/command.go:84.52,90.2 4 1
github.com/lingmirror/backend-go/internal/platform/command/command.go:97.120,102.9 4 1
github.com/lingmirror/backend-go/internal/platform/command/command.go:102.9,104.3 1 1
github.com/lingmirror/backend-go/internal/platform/command/command.go:106.2,110.23 3 1
github.com/lingmirror/backend-go/internal/platform/command/command.go:110.23,115.3 2 1
github.com/lingmirror/backend-go/internal/platform/command/command.go:117.2,117.20 1 1
github.com/lingmirror/backend-go/internal/platform/command/command.go:128.115,130.42 1 1
github.com/lingmirror/backend-go/internal/platform/command/command.go:130.42,132.3 1 1
github.com/lingmirror/backend-go/internal/platform/command/command.go:135.2,135.31 1 1
github.com/lingmirror/backend-go/internal/platform/command/command.go:135.31,139.10 4 1
github.com/lingmirror/backend-go/internal/platform/command/command.go:139.10,141.4 1 1
github.com/lingmirror/backend-go/internal/platform/command/command.go:142.3,142.23 1 1
github.com/lingmirror/backend-go/internal/platform/command/command.go:142.23,143.57 1 1
github.com/lingmirror/backend-go/internal/platform/command/command.go:143.57,145.5 1 0
github.com/lingmirror/backend-go/internal/platform/command/command.go:147.3,147.60 1 1
github.com/lingmirror/backend-go/internal/platform/command/command.go:151.2,151.35 1 1
github.com/lingmirror/backend-go/internal/platform/command/command.go:151.35,153.23 1 1
github.com/lingmirror/backend-go/internal/platform/command/command.go:153.23,155.110 2 1
github.com/lingmirror/backend-go/internal/platform/command/command.go:155.110,157.5 1 1
github.com/lingmirror/backend-go/internal/platform/command/command.go:160.3,160.62 1 1
github.com/lingmirror/backend-go/internal/platform/command/command.go:160.62,161.32 1 1
github.com/lingmirror/backend-go/internal/platform/command/command.go:161.32,163.5 1 0
github.com/lingmirror/backend-go/internal/platform/command/command.go:164.4,164.63 1 1
github.com/lingmirror/backend-go/internal/platform/command/command.go:164.63,166.5 1 1
github.com/lingmirror/backend-go/internal/platform/command/command.go:171.2,176.26 2 1
github.com/lingmirror/backend-go/internal/platform/command/command.go:176.26,178.3 1 1
github.com/lingmirror/backend-go/internal/platform/command/command.go:180.2,180.28 1 1
github.com/lingmirror/backend-go/internal/platform/command/command.go:205.49,209.28 4 1
github.com/lingmirror/backend-go/internal/platform/command/command.go:209.28,211.3 1 1
github.com/lingmirror/backend-go/internal/platform/command/command.go:212.2,212.14 1 1
github.com/lingmirror/backend-go/internal/platform/command/command.go:216.41,220.2 3 1
github.com/lingmirror/backend-go/internal/platform/command/command.go:227.47,229.2 1 0
github.com/lingmirror/backend-go/internal/platform/command/command.go:232.40,235.2 2 1
github.com/lingmirror/backend-go/internal/platform/command/handlers.go:23.65,24.82 1 1
github.com/lingmirror/backend-go/internal/platform/command/handlers.go:24.82,34.16 5 1
github.com/lingmirror/backend-go/internal/platform/command/handlers.go:34.16,43.44 3 1
github.com/lingmirror/backend-go/internal/platform/command/handlers.go:43.44,45.5 1 1
github.com/lingmirror/backend-go/internal/platform/command/handlers.go:48.3,56.9 1 1
github.com/lingmirror/backend-go/internal/platform/command/handlers.go:62.73,63.82 1 1
github.com/lingmirror/backend-go/internal/platform/command/handlers.go:63.82,83.3 5 1
github.com/lingmirror/backend-go/internal/platform/command/handlers.go:88.97,89.82 1 1
github.com/lingmirror/backend-go/internal/platform/command/handlers.go:89.82,100.38 6 1
github.com/lingmirror/backend-go/internal/platform/command/handlers.go:100.38,101.18 1 0
github.com/lingmirror/backend-go/internal/platform/command/handlers.go:101.18,103.5 1 0
github.com/lingmirror/backend-go/internal/platform/command/handlers.go:104.4,104.17 1 0
github.com/lingmirror/backend-go/internal/platform/command/handlers.go:104.17,106.19 2 0
github.com/lingmirror/backend-go/internal/platform/command/handlers.go:106.19,110.6 3 0
github.com/lingmirror/backend-go/internal/platform/command/handlers.go:111.5,113.38 1 0
github.com/lingmirror/backend-go/internal/platform/command/handlers.go:118.3,118.50 1 1
github.com/lingmirror/backend-go/internal/platform/command/handlers.go:118.50,126.18 3 0
github.com/lingmirror/backend-go/internal/platform/command/handlers.go:126.18,129.5 2 0
github.com/lingmirror/backend-go/internal/platform/command/handlers.go:133.3,145.9 2 1
github.com/lingmirror/backend-go/internal/platform/command/handlers.go:151.67,152.82 1 1
github.com/lingmirror/backend-go/internal/platform/command/handlers.go:152.82,170.3 5 1
github.com/lingmirror/backend-go/internal/platform/command/handlers.go:175.71,176.82 1 1
github.com/lingmirror/backend-go/internal/platform/command/handlers.go:176.82,186.16 5 1
github.com/lingmirror/backend-go/internal/platform/command/handlers.go:186.16,189.107 3 0
github.com/lingmirror/backend-go/internal/platform/command/handlers.go:189.107,191.53 2 0
github.com/lingmirror/backend-go/internal/platform/command/handlers.go:191.53,193.6 1 0
github.com/lingmirror/backend-go/internal/platform/command/handlers.go:194.10,196.5 1 0
github.com/lingmirror/backend-go/internal/platform/command/handlers.go:199.3,207.9 1 1
github.com/lingmirror/backend-go/internal/platform/command/handlers.go:215.83,216.25 1 1
github.com/lingmirror/backend-go/internal/platform/command/handlers.go:216.25,217.30 1 1
github.com/lingmirror/backend-go/internal/platform/command/handlers.go:217.30,219.4 1 1
github.com/lingmirror/backend-go/internal/platform/command/handlers.go:221.2,221.23 1 1
github.com/lingmirror/backend-go/internal/platform/command/handlers.go:221.23,223.3 1 1
github.com/lingmirror/backend-go/internal/platform/command/handlers.go:224.2,224.11 1 1
github.com/lingmirror/backend-go/internal/platform/command/handlers.go:227.84,228.25 1 1
github.com/lingmirror/backend-go/internal/platform/command/handlers.go:228.25,229.24 1 1
github.com/lingmirror/backend-go/internal/platform/command/handlers.go:230.16,231.12 1 1
github.com/lingmirror/backend-go/internal/platform/command/handlers.go:232.12,233.21 1 0
github.com/lingmirror/backend-go/internal/platform/command/handlers.go:234.14,235.21 1 0
github.com/lingmirror/backend-go/internal/platform/command/handlers.go:238.2,238.23 1 1
github.com/lingmirror/backend-go/internal/platform/command/handlers.go:238.23,240.3 1 0
github.com/lingmirror/backend-go/internal/platform/command/handlers.go:241.2,241.10 1 1
github.com/lingmirror/backend-go/internal/platform/command/handlers.go:244.61,245.25 1 1
github.com/lingmirror/backend-go/internal/platform/command/handlers.go:245.25,246.24 1 0
github.com/lingmirror/backend-go/internal/platform/command/handlers.go:247.16,248.19 1 0
github.com/lingmirror/backend-go/internal/platform/command/handlers.go:249.12,250.19 1 0
github.com/lingmirror/backend-go/internal/platform/command/handlers.go:251.14,252.12 1 0
github.com/lingmirror/backend-go/internal/platform/command/handlers.go:255.2,255.10 1 1
github.com/lingmirror/backend-go/internal/platform/actioncatalog/catalog.go:36.40,37.11 1 0
github.com/lingmirror/backend-go/internal/platform/actioncatalog/catalog.go:38.20,39.19 1 0
github.com/lingmirror/backend-go/internal/platform/actioncatalog/catalog.go:40.14,41.14 1 0
github.com/lingmirror/backend-go/internal/platform/actioncatalog/catalog.go:42.14,43.14 1 0
github.com/lingmirror/backend-go/internal/platform/actioncatalog/catalog.go:44.14,45.14 1 0
github.com/lingmirror/backend-go/internal/platform/actioncatalog/catalog.go:46.14,47.14 1 0
github.com/lingmirror/backend-go/internal/platform/actioncatalog/catalog.go:48.10,49.31 1 0
github.com/lingmirror/backend-go/internal/platform/actioncatalog/catalog.go:72.36,74.28 2 1
github.com/lingmirror/backend-go/internal/platform/actioncatalog/catalog.go:74.28,75.43 1 1
github.com/lingmirror/backend-go/internal/platform/actioncatalog/catalog.go:75.43,76.79 1 1
github.com/lingmirror/backend-go/internal/platform/actioncatalog/catalog.go:78.3,78.30 1 1
github.com/lingmirror/backend-go/internal/platform/actioncatalog/catalog.go:80.2,80.10 1 1
github.com/lingmirror/backend-go/internal/platform/actioncatalog/catalog.go:84.59,87.2 2 1
github.com/lingmirror/backend-go/internal/platform/actioncatalog/catalog.go:90.49,92.9 2 0
github.com/lingmirror/backend-go/internal/platform/actioncatalog/catalog.go:92.9,93.74 1 0
github.com/lingmirror/backend-go/internal/platform/actioncatalog/catalog.go:95.2,95.10 1 0
github.com/lingmirror/backend-go/internal/platform/actioncatalog/catalog.go:100.96,102.9 2 1
github.com/lingmirror/backend-go/internal/platform/actioncatalog/catalog.go:102.9,104.3 1 1
github.com/lingmirror/backend-go/internal/platform/actioncatalog/catalog.go:105.2,105.28 1 1
github.com/lingmirror/backend-go/internal/platform/actioncatalog/catalog.go:105.28,107.3 1 1
github.com/lingmirror/backend-go/internal/platform/actioncatalog/catalog.go:108.2,108.42 1 1
github.com/lingmirror/backend-go/internal/platform/actioncatalog/catalog.go:108.42,110.3 1 1
github.com/lingmirror/backend-go/internal/platform/actioncatalog/catalog.go:111.2,111.12 1 1
github.com/lingmirror/backend-go/internal/platform/actioncatalog/catalog.go:115.53,118.2 2 1
github.com/lingmirror/backend-go/internal/platform/actioncatalog/catalog.go:121.25,123.2 1 1
github.com/lingmirror/backend-go/internal/platform/actioncatalog/catalog.go:126.31,375.2 1 1
